src/lib/services/auth-service.ts(21,7): error TS2741: Property 'director' is missing in type '{ client: string; marketing: string; boss: string; finance: string; warehouse: string; technician: string; courier: string; admin: string; owner: string; tax: string; faktur: string; }' but required in type 'Record<UserRole, string>'.
src/lib/services/workflow-engine.ts(44,7): error TS2741: Property 'director' is missing in type '{ client: { submitted: "cancelled"[]; priced: "cancelled"[]; approved: "cancelled"[]; delivered: ("completed" | "issue")[]; }; marketing: { submitted: "priced"[]; }; boss: { priced: ("approved" | "rejected")[]; }; ... 7 more ...; faktur: {}; }' but required in type 'Record<UserRole, Partial<Record<RequestStatus, RequestStatus[]>>>'.
src/lib/workflow-engine.ts(25,14): error TS2741: Property 'director' is missing in type '{ client: { submitted: "cancelled"[]; priced: "cancelled"[]; delivered: "completed"[]; }; marketing: { submitted: "priced"[]; }; boss: { priced: ("approved" | "rejected")[]; }; finance: { approved: "invoice_ready"[]; }; ... 6 more ...; faktur: {}; }' but required in type 'Record<UserRole, Partial<Record<RequestStatus, RequestStatus[]>>>'.
src/lib/workflow.ts(5,14): error TS2741: Property 'director' is missing in type '{ client: string; marketing: string; boss: string; finance: string; warehouse: string; technician: string; courier: string; admin: string; owner: string; tax: string; faktur: string; }' but required in type 'Record<UserRole, string>'.
