src/app/dashboard/finance/page.tsx(193,28): error TS2554: Expected 4 arguments, but got 3.
src/app/dashboard/tax/page.tsx(266,35): error TS2345: Argument of type 'number | undefined' is not assignable to parameter of type 'number'.
  Type 'undefined' is not assignable to type 'number'.
src/app/dashboard/tax/page.tsx(266,49): error TS2362: The left-hand side of an arithmetic operation must be of type 'any', 'number', 'bigint' or an enum type.
src/lib/inventory-service.ts(215,36): error TS2345: Argument of type '{ product_id: any; change: number; balance: number; reason: string; created_by: string; }' is not assignable to parameter of type 'Omit<InventoryLog, "id" | "created_at">'.
  Property 'movement_type' is missing in type '{ product_id: any; change: number; balance: number; reason: string; created_by: string; }' but required in type 'Omit<InventoryLog, "id" | "created_at">'.
src/lib/inventory-service.ts(325,34): error TS2345: Argument of type '{ product_id: string; change: number; balance: number; reason: StockAdjustmentReason; created_by: string; }' is not assignable to parameter of type 'Omit<InventoryLog, "id" | "created_at">'.
  Property 'movement_type' is missing in type '{ product_id: string; change: number; balance: number; reason: StockAdjustmentReason; created_by: string; }' but required in type 'Omit<InventoryLog, "id" | "created_at">'.
